loading backgrounds (first run decodes them, ~15 s)...
game started (pid 1052165); play, then quit the game to finish
[   0.0s] 0 palettes, on screen: -, elsewhere in memory: - (0.0s scan)
[   5.0s] 4 palettes, on screen: -, elsewhere in memory: - (2.0s scan)
[  10.0s] 3 palettes, on screen: ['ploc2/27100/0', 'ploc2/27140/0', 'ploc2/27141/0'], elsewhere in memory: - (2.0s scan)
[  15.0s] 3 palettes, on screen: ['ploc2/27100/0', 'ploc2/27140/0', 'ploc2/27141/0'], elsewhere in memory: - (2.0s scan)
[  20.0s] 2 palettes, on screen: ['ploc2/27100/0', 'ploc2/27140/0', 'ploc2/27141/0'], elsewhere in memory: - (2.1s scan)
[  25.0s] 3 palettes, on screen: ['ploc2/27100/0', 'ploc2/27140/0', 'ploc2/27141/0'], elsewhere in memory: - (2.1s scan)
  laptrap/30535/0: palette 5e96f52d3684 score 1.969 (runner-up 3.22762338400712)
[  30.0s] 2 palettes, on screen: ['laptrap/30535/0', 'ploc2/27100/0', 'ploc2/27140/0', 'ploc2/27141/0'], elsewhere in memory: - (2.0s scan)
[  35.0s] 3 palettes, on screen: ['ploc2/27100/0', 'ploc2/27140/0', 'ploc2/27141/0'], elsewhere in memory: - (2.0s scan)
[  40.0s] 3 palettes, on screen: ['pws1/22000/0'], elsewhere in memory: - (2.0s scan)
[  45.0s] 3 palettes, on screen: ['pws1/22000/0'], elsewhere in memory: - (2.0s scan)
[  50.0s] 2 palettes, on screen: ['pws1/22000/0'], elsewhere in memory: - (2.0s scan)
[  55.0s] 4 palettes, on screen: ['ploc2/27100/0', 'ploc2/27140/0', 'ploc2/27141/0'], elsewhere in memory: - (1.9s scan)
[  60.0s] 4 palettes, on screen: ['ploc2/27100/0', 'ploc2/27140/0', 'ploc2/27141/0'], elsewhere in memory: - (2.0s scan)
[  65.0s] 4 palettes, on screen: ['ploc2/27100/0', 'ploc2/27140/0', 'ploc2/27141/0'], elsewhere in memory: - (2.0s scan)
[  70.0s] 4 palettes, on screen: ['ploc2/27100/0', 'ploc2/27140/0', 'ploc2/27141/0'], elsewhere in memory: - (1.9s scan)
[  75.0s] 4 palettes, on screen: ['ploc2/27100/0', 'ploc2/27140/0', 'ploc2/27141/0'], elsewhere in memory: - (1.9s scan)
[  80.0s] 4 palettes, on screen: ['ploc2/27100/0', 'ploc2/27140/0', 'ploc2/27141/0'], elsewhere in memory: - (2.0s scan)
[  85.0s] 4 palettes, on screen: ['ploc2/27100/0', 'ploc2/27140/0', 'ploc2/27141/0'], elsewhere in memory: - (2.0s scan)
[  90.0s] 3 palettes, on screen: ['ploc2/27100/0', 'ploc2/27140/0', 'ploc2/27141/0'], elsewhere in memory: - (2.0s scan)
[  95.0s] 3 palettes, on screen: ['pws1/22000/0'], elsewhere in memory: - (2.0s scan)
[ 100.0s] 2 palettes, on screen: ['ploc3/27200/0'], elsewhere in memory: - (1.9s scan)
[ 105.0s] 2 palettes, on screen: ['pws2/22500/0'], elsewhere in memory: - (2.0s scan)
[ 110.0s] 3 palettes, on screen: ['pws2/22500/0'], elsewhere in memory: - (2.0s scan)
[ 115.0s] 3 palettes, on screen: ['pws2/22500/0'], elsewhere in memory: - (2.0s scan)
[ 120.0s] 3 palettes, on screen: ['pws2/22500/0'], elsewhere in memory: - (2.0s scan)
[ 125.0s] 3 palettes, on screen: ['pws2/22500/0'], elsewhere in memory: - (2.2s scan)
[ 130.0s] 3 palettes, on screen: ['pws2/22500/0'], elsewhere in memory: - (2.0s scan)
[ 135.0s] 3 palettes, on screen: ['pws2/22500/0'], elsewhere in memory: - (2.0s scan)
[ 140.0s] 3 palettes, on screen: ['pws2/22500/0'], elsewhere in memory: - (2.0s scan)
[ 145.0s] 3 palettes, on screen: ['pws2/22500/0'], elsewhere in memory: - (2.2s scan)
[ 150.0s] 3 palettes, on screen: ['pws2/22500/0'], elsewhere in memory: - (2.0s scan)
[ 155.0s] 3 palettes, on screen: ['pws2/22500/0'], elsewhere in memory: - (1.9s scan)
[ 160.0s] 3 palettes, on screen: ['pws2/22500/0'], elsewhere in memory: - (2.0s scan)
[ 165.0s] 3 palettes, on screen: ['pws2/22500/0'], elsewhere in memory: - (2.0s scan)
[ 170.0s] 3 palettes, on screen: ['pws2/22500/0'], elsewhere in memory: - (2.0s scan)
[ 175.0s] 3 palettes, on screen: ['pws2/22500/0'], elsewhere in memory: - (2.0s scan)
[ 180.0s] 3 palettes, on screen: ['pws2/22500/0'], elsewhere in memory: - (2.0s scan)
[ 185.0s] 3 palettes, on screen: ['pws2/22500/0'], elsewhere in memory: - (2.0s scan)
[ 190.0s] 3 palettes, on screen: ['pws2/22500/0'], elsewhere in memory: - (2.0s scan)
[ 195.0s] 3 palettes, on screen: ['pws2/22500/0'], elsewhere in memory: - (2.0s scan)
[ 200.0s] 3 palettes, on screen: ['pws2/22500/0'], elsewhere in memory: - (1.9s scan)
[ 205.0s] 3 palettes, on screen: ['pws2/22500/0'], elsewhere in memory: - (1.9s scan)
[ 210.0s] 3 palettes, on screen: ['pws2/22500/0'], elsewhere in memory: - (1.9s scan)
[ 215.0s] 3 palettes, on screen: ['pws2/22500/0'], elsewhere in memory: - (2.0s scan)
[ 220.0s] 3 palettes, on screen: ['pws2/22500/0'], elsewhere in memory: - (2.0s scan)
[ 225.0s] 3 palettes, on screen: ['pws2/22500/0'], elsewhere in memory: - (2.0s scan)
[ 230.0s] 3 palettes, on screen: ['pws2/22500/0'], elsewhere in memory: - (1.9s scan)
[ 235.0s] 3 palettes, on screen: ['pws2/22500/0'], elsewhere in memory: - (1.9s scan)
[ 240.0s] 3 palettes, on screen: ['pws2/22500/0'], elsewhere in memory: - (1.9s scan)
[ 245.0s] 3 palettes, on screen: ['pws2/22500/0'], elsewhere in memory: - (1.9s scan)
[ 250.0s] 3 palettes, on screen: ['pws2/22500/0'], elsewhere in memory: - (1.9s scan)
[ 255.0s] 3 palettes, on screen: ['pws2/22500/0'], elsewhere in memory: - (2.1s scan)
[ 260.0s] 3 palettes, on screen: ['pws2/22500/0'], elsewhere in memory: - (1.9s scan)
[ 265.0s] 3 palettes, on screen: ['pws2/22500/0'], elsewhere in memory: - (2.0s scan)
[ 270.0s] 3 palettes, on screen: ['pws2/22500/0'], elsewhere in memory: - (2.0s scan)
[ 275.0s] 3 palettes, on screen: ['pws1/22000/0'], elsewhere in memory: ['ploc2/27140/0', 'ploc2/27141/0'] (2.0s scan)
[ 280.0s] 3 palettes, on screen: ['pws1/22000/0'], elsewhere in memory: ['ploc2/27140/0', 'ploc2/27141/0'] (2.0s scan)
[ 285.0s] 3 palettes, on screen: ['ploc2/27100/0', 'ploc2/27140/0', 'ploc2/27141/0'], elsewhere in memory: - (2.0s scan)
[ 290.0s] 2 palettes, on screen: ['pws1/22000/0'], elsewhere in memory: - (1.9s scan)
[ 295.0s] 5 palettes, on screen: -, elsewhere in memory: - (1.9s scan)
[ 300.0s] 5 palettes, on screen: -, elsewhere in memory: - (1.9s scan)
[ 305.0s] 5 palettes, on screen: -, elsewhere in memory: - (2.0s scan)
[ 310.0s] 5 palettes, on screen: -, elsewhere in memory: - (1.9s scan)
[ 315.0s] 5 palettes, on screen: -, elsewhere in memory: - (2.0s scan)
[ 320.0s] 5 palettes, on screen: -, elsewhere in memory: - (1.9s scan)
[ 325.0s] 5 palettes, on screen: -, elsewhere in memory: - (2.0s scan)
[ 330.0s] 5 palettes, on screen: -, elsewhere in memory: - (2.1s scan)
[ 335.0s] 5 palettes, on screen: -, elsewhere in memory: - (1.9s scan)
[ 340.0s] 5 palettes, on screen: -, elsewhere in memory: - (1.9s scan)
[ 345.0s] 5 palettes, on screen: -, elsewhere in memory: - (2.0s scan)
[ 350.0s] 5 palettes, on screen: -, elsewhere in memory: - (1.9s scan)
[ 355.0s] 5 palettes, on screen: -, elsewhere in memory: - (1.9s scan)
[ 360.0s] 5 palettes, on screen: -, elsewhere in memory: - (2.0s scan)
[ 365.0s] 5 palettes, on screen: -, elsewhere in memory: - (2.0s scan)
[ 370.0s] 5 palettes, on screen: -, elsewhere in memory: - (2.0s scan)
[ 375.0s] 5 palettes, on screen: -, elsewhere in memory: - (2.0s scan)
[ 380.0s] 5 palettes, on screen: -, elsewhere in memory: - (2.1s scan)
[ 385.0s] 5 palettes, on screen: -, elsewhere in memory: - (2.0s scan)
[ 390.0s] 5 palettes, on screen: -, elsewhere in memory: - (2.0s scan)
[ 395.0s] 5 palettes, on screen: -, elsewhere in memory: - (1.9s scan)
[ 400.0s] 5 palettes, on screen: -, elsewhere in memory: - (1.9s scan)
[ 405.0s] 5 palettes, on screen: -, elsewhere in memory: - (1.9s scan)
[ 410.0s] 5 palettes, on screen: -, elsewhere in memory: - (2.1s scan)
[ 415.0s] 5 palettes, on screen: -, elsewhere in memory: - (1.9s scan)
[ 420.0s] 5 palettes, on screen: -, elsewhere in memory: - (1.9s scan)
[ 425.0s] 5 palettes, on screen: -, elsewhere in memory: - (1.9s scan)
[ 430.0s] 5 palettes, on screen: -, elsewhere in memory: - (2.0s scan)
[ 435.0s] 5 palettes, on screen: -, elsewhere in memory: - (2.0s scan)
[ 440.0s] 5 palettes, on screen: -, elsewhere in memory: - (1.9s scan)
[ 445.0s] 5 palettes, on screen: -, elsewhere in memory: - (2.0s scan)
[ 450.0s] 5 palettes, on screen: -, elsewhere in memory: - (2.0s scan)
[ 455.0s] 5 palettes, on screen: -, elsewhere in memory: - (1.9s scan)
[ 460.0s] 5 palettes, on screen: -, elsewhere in memory: - (1.9s scan)
[ 465.0s] 5 palettes, on screen: -, elsewhere in memory: - (1.9s scan)
[ 470.0s] 5 palettes, on screen: -, elsewhere in memory: - (1.9s scan)
[ 475.0s] 5 palettes, on screen: -, elsewhere in memory: - (1.9s scan)
[ 480.0s] 5 palettes, on screen: -, elsewhere in memory: - (1.9s scan)
[ 485.0s] 4 palettes, on screen: -, elsewhere in memory: - (1.9s scan)
[ 490.0s] 1 palettes, on screen: -, elsewhere in memory: - (0.9s scan)
